[  172492ms] Error: Hydration failed because the server rendered HTML didn't match the client. As a result this tree will be regenerated on the client. This can happen if a SSR-ed Client Component used:

- A server/client branch `if (typeof window !== 'undefined')`.
- Variable input such as `Date.now()` or `Math.random()` which changes each time it's called.
- Date formatting in a user's locale which doesn't match the server.
- External changing data without sending a snapshot of it along with the HTML.
- Invalid HTML tag nesting.

It can also happen if the client has a browser extension installed which messes with the HTML before React loaded.

https://react.dev/link/hydration-mismatch

  ...
    <ScrollAndFocusHandler segmentPath={[...]}>
      <InnerScrollAndFocusHandler segmentPath={[...]} focusAndScrollRef={{apply:false, ...}}>
        <ErrorBoundary errorComponent={undefined} errorStyles={undefined} errorScripts={undefined}>
          <LoadingBoundary loading={null}>
            <HTTPAccessFallbackBoundary notFound={<SegmentViewNode>} forbidden={undefined} unauthorized={undefined}>
              <HTTPAccessFallbackErrorBoundary pathname="/" notFound={<SegmentViewNode>} forbidden={undefined} ...>
                <RedirectBoundary>
                  <RedirectErrorBoundary router={{...}}>
                    <InnerLayoutRouter url="/" tree={[...]} cacheNode={{lazyData:null, ...}} segmentPath={[...]}>
                      <SegmentViewNode type="page" pagePath="page.tsx">
                        <SegmentTrieNode>
                        <ClientPageRoot Component={function PageProfils} searchParams={{}} params={{}}>
                          <PageProfils params={Promise} searchParams={Promise}>
                            <ChoixProfil magasin={{}} onChoisi={function onChoisi}>
                              <main
                                style={{
+                                 display: "grid"
-                                 display: "grid"
+                                 gap: 24
+                                 placeItems: "center"
+                                 padding: 24
+                                 minHeight: "100dvh"
-                                 row-gap: "20px"
-                                 column-gap: "20px"
-                                 align-items: "center"
-                                 justify-items: "center"
-                                 padding-top: "24px"
-                                 padding-right: "24px"
-                                 padding-bottom: "24px"
-                                 padding-left: "24px"
-                                 min-height: "100dvh"
                                }}
                              >
                                <h1>
+                               <div style={{display:"flex",gap:16,flexWrap:"wrap",justifyContent:"center"}}>
-                               <input
-                                 placeholder="Prénom"
-                                 style={{font-size:"24px",padding-top:"12px",padding-right:"12px",padding-bottom:"12px",padding-left:"...", ...}}
-                                 value=""
-                               >
                      ...
                    ...
        ...

    at throwOnHydrationMismatch (webpack-internal:///(app-pages-browser)/../../node_modules/.pnpm/next@15.5.25_@types+node@22.20.1_react-dom@19.2.8_react@19.2.8__react@19.2.8/node_modules/next/dist/compiled/react-dom/cjs/react-dom-client.development.js:4506:11)
    at beginWork (webpack-internal:///(app-pages-browser)/../../node_modules/.pnpm/next@15.5.25_@types+node@22.20.1_react-dom@19.2.8_react@19.2.8__react@19.2.8/node_modules/next/dist/compiled/react-dom/cjs/react-dom-client.development.js:11107:17)
    at runWithFiberInDEV (webpack-internal:///(app-pages-browser)/../../node_modules/.pnpm/next@15.5.25_@types+node@22.20.1_react-dom@19.2.8_react@19.2.8__react@19.2.8/node_modules/next/dist/compiled/react-dom/cjs/react-dom-client.development.js:872:30)
    at performUnitOfWork (webpack-internal:///(app-pages-browser)/../../node_modules/.pnpm/next@15.5.25_@types+node@22.20.1_react-dom@19.2.8_react@19.2.8__react@19.2.8/node_modules/next/dist/compiled/react-dom/cjs/react-dom-client.development.js:15727:22)
    at workLoopConcurrentByScheduler (webpack-internal:///(app-pages-browser)/../../node_modules/.pnpm/next@15.5.25_@types+node@22.20.1_react-dom@19.2.8_react@19.2.8__react@19.2.8/node_modules/next/dist/compiled/react-dom/cjs/react-dom-client.development.js:15721:9)
    at renderRootConcurrent (webpack-internal:///(app-pages-browser)/../../node_modules/.pnpm/next@15.5.25_@types+node@22.20.1_react-dom@19.2.8_react@19.2.8__react@19.2.8/node_modules/next/dist/compiled/react-dom/cjs/react-dom-client.development.js:15696:15)
    at performWorkOnRoot (webpack-internal:///(app-pages-browser)/../../node_modules/.pnpm/next@15.5.25_@types+node@22.20.1_react-dom@19.2.8_react@19.2.8__react@19.2.8/node_modules/next/dist/compiled/react-dom/cjs/react-dom-client.development.js:14990:13)
    at performWorkOnRootViaSchedulerTask (webpack-internal:///(app-pages-browser)/../../node_modules/.pnpm/next@15.5.25_@types+node@22.20.1_react-dom@19.2.8_react@19.2.8__react@19.2.8/node_modules/next/dist/compiled/react-dom/cjs/react-dom-client.development.js:16816:7)
    at MessagePort.performWorkUntilDeadline (webpack-internal:///(app-pages-browser)/../../node_modules/.pnpm/next@15.5.25_@types+node@22.20.1_react-dom@19.2.8_react@19.2.8__react@19.2.8/node_modules/next/dist/compiled/scheduler/cjs/scheduler.development.js:45:48)
[  176792ms] Error: Hydration failed because the server rendered HTML didn't match the client. As a result this tree will be regenerated on the client. This can happen if a SSR-ed Client Component used:

- A server/client branch `if (typeof window !== 'undefined')`.
- Variable input such as `Date.now()` or `Math.random()` which changes each time it's called.
- Date formatting in a user's locale which doesn't match the server.
- External changing data without sending a snapshot of it along with the HTML.
- Invalid HTML tag nesting.

It can also happen if the client has a browser extension installed which messes with the HTML before React loaded.

https://react.dev/link/hydration-mismatch

  ...
    <ScrollAndFocusHandler segmentPath={[...]}>
      <InnerScrollAndFocusHandler segmentPath={[...]} focusAndScrollRef={{apply:false, ...}}>
        <ErrorBoundary errorComponent={undefined} errorStyles={undefined} errorScripts={undefined}>
          <LoadingBoundary loading={null}>
            <HTTPAccessFallbackBoundary notFound={<SegmentViewNode>} forbidden={undefined} unauthorized={undefined}>
              <HTTPAccessFallbackErrorBoundary pathname="/" notFound={<SegmentViewNode>} forbidden={undefined} ...>
                <RedirectBoundary>
                  <RedirectErrorBoundary router={{...}}>
                    <InnerLayoutRouter url="/" tree={[...]} cacheNode={{lazyData:null, ...}} segmentPath={[...]}>
                      <SegmentViewNode type="page" pagePath="page.tsx">
                        <SegmentTrieNode>
                        <ClientPageRoot Component={function PageProfils} searchParams={{}} params={{}}>
                          <PageProfils params={Promise} searchParams={Promise}>
                            <ChoixProfil magasin={{}} onChoisi={function onChoisi}>
                              <main
                                style={{
+                                 display: "grid"
-                                 display: "grid"
+                                 gap: 24
+                                 placeItems: "center"
+                                 padding: 24
+                                 minHeight: "100dvh"
-                                 row-gap: "20px"
-                                 column-gap: "20px"
-                                 align-items: "center"
-                                 justify-items: "center"
-                                 padding-top: "24px"
-                                 padding-right: "24px"
-                                 padding-bottom: "24px"
-                                 padding-left: "24px"
-                                 min-height: "100dvh"
                                }}
                              >
                                <h1>
+                               <div style={{display:"flex",gap:16,flexWrap:"wrap",justifyContent:"center"}}>
-                               <input
-                                 placeholder="Prénom"
-                                 style={{font-size:"24px",padding-top:"12px",padding-right:"12px",padding-bottom:"12px",padding-left:"...", ...}}
-                                 value=""
-                               >
                      ...
                    ...
        ...

    at throwOnHydrationMismatch (webpack-internal:///(app-pages-browser)/../../node_modules/.pnpm/next@15.5.25_@types+node@22.20.1_react-dom@19.2.8_react@19.2.8__react@19.2.8/node_modules/next/dist/compiled/react-dom/cjs/react-dom-client.development.js:4506:11)
    at beginWork (webpack-internal:///(app-pages-browser)/../../node_modules/.pnpm/next@15.5.25_@types+node@22.20.1_react-dom@19.2.8_react@19.2.8__react@19.2.8/node_modules/next/dist/compiled/react-dom/cjs/react-dom-client.development.js:11107:17)
    at runWithFiberInDEV (webpack-internal:///(app-pages-browser)/../../node_modules/.pnpm/next@15.5.25_@types+node@22.20.1_react-dom@19.2.8_react@19.2.8__react@19.2.8/node_modules/next/dist/compiled/react-dom/cjs/react-dom-client.development.js:872:30)
    at performUnitOfWork (webpack-internal:///(app-pages-browser)/../../node_modules/.pnpm/next@15.5.25_@types+node@22.20.1_react-dom@19.2.8_react@19.2.8__react@19.2.8/node_modules/next/dist/compiled/react-dom/cjs/react-dom-client.development.js:15727:22)
    at workLoopConcurrentByScheduler (webpack-internal:///(app-pages-browser)/../../node_modules/.pnpm/next@15.5.25_@types+node@22.20.1_react-dom@19.2.8_react@19.2.8__react@19.2.8/node_modules/next/dist/compiled/react-dom/cjs/react-dom-client.development.js:15721:9)
    at renderRootConcurrent (webpack-internal:///(app-pages-browser)/../../node_modules/.pnpm/next@15.5.25_@types+node@22.20.1_react-dom@19.2.8_react@19.2.8__react@19.2.8/node_modules/next/dist/compiled/react-dom/cjs/react-dom-client.development.js:15696:15)
    at performWorkOnRoot (webpack-internal:///(app-pages-browser)/../../node_modules/.pnpm/next@15.5.25_@types+node@22.20.1_react-dom@19.2.8_react@19.2.8__react@19.2.8/node_modules/next/dist/compiled/react-dom/cjs/react-dom-client.development.js:14990:13)
    at performWorkOnRootViaSchedulerTask (webpack-internal:///(app-pages-browser)/../../node_modules/.pnpm/next@15.5.25_@types+node@22.20.1_react-dom@19.2.8_react@19.2.8__react@19.2.8/node_modules/next/dist/compiled/react-dom/cjs/react-dom-client.development.js:16816:7)
    at MessagePort.performWorkUntilDeadline (webpack-internal:///(app-pages-browser)/../../node_modules/.pnpm/next@15.5.25_@types+node@22.20.1_react-dom@19.2.8_react@19.2.8__react@19.2.8/node_modules/next/dist/compiled/scheduler/cjs/scheduler.development.js:45:48)
[  245153ms] [ERROR] Failed to load resource: net::ERR_FAILED @ https://pub-fdf72274e01e48928d3cea477864246c.r2.dev/audio/baba-remplacement.wav:0
[  245153ms] [ERROR] Failed to load resource: net::ERR_FAILED @ https://pub-fdf72274e01e48928d3cea477864246c.r2.dev/audio/baba-remplacement.wav:0
